
[1m[46m RUN [49m[22m [36mv3.2.4 [39m[90mC:/Users/moham/Downloads/dawayir-live-agent/client[39m

 [32m✓[39m src/utils/detectCircleCommandClient.test.js [2m([22m[2m3 tests[22m[2m)[22m[32m 19[2mms[22m[39m
 [32m✓[39m src/utils/appSettings.test.js [2m([22m[2m3 tests[22m[2m)[22m[32m 37[2mms[22m[39m
 [32m✓[39m src/utils/accessibility.test.js [2m([22m[2m3 tests[22m[2m)[22m[32m 14[2mms[22m[39m
 [32m✓[39m src/components/ConnectProgressCard.test.jsx [2m([22m[2m2 tests[22m[2m)[22m[32m 197[2mms[22m[39m
node.exe : 
At line:1 char:1
+ & "C:\Program Files\nodejs/node.exe" 
"C:\Users\moham\AppData\Roaming\ ...
+ ~~~~~~~~~~~~~~~~~~~~~~~~~~~~~~~~~~~~~~~~~~~~~~~~~~~~~~~~~~~
~~~~~~~~~~
    + CategoryInfo          : NotSpecified: (:String) [], Re 
   moteException
    + FullyQualifiedErrorId : NativeCommandError
 
[31m⎯⎯⎯⎯⎯⎯[39m[1m[41m Failed Suites 2 
[49m[22m[31m⎯⎯⎯⎯⎯⎯⎯[39m

[41m[1m FAIL [22m[49m src/App.a11y.test.jsx[2m [ 
src/App.a11y.test.jsx ][22m
[31m[1mError[22m: Failed to resolve import "jest-axe" 
from "src/App.a11y.test.jsx". Does the file exist?[39m
  Plugin: [35mvite:import-analysis[39m
  File: [36mC:/Users/moham/Downloads/dawayir-live-agent/clie
nt/src/App.a11y.test.jsx[39m:3:0
[33m  225 |  const __vi_import_1__ = await import("react");
  226 |  const __vi_import_2__ = await 
import("@testing-library/react");
  227 |  const __vi_import_3__ = await import("jest-axe");
      |                                       ^
  228 |  const __vi_import_4__ = await import("./App");
  229 |  [39m
[90m [2m❯[22m TransformPluginContext._formatLog node_modul
es/vite/dist/node/chunks/config.js:[2m28999:43[22m[39m
[90m [2m❯[22m TransformPluginContext.error node_modules/vi
te/dist/node/chunks/config.js:[2m28996:14[22m[39m
[90m [2m❯[22m normalizeUrl node_modules/vite/dist/node/chu
nks/config.js:[2m27119:18[22m[39m
[90m [2m❯[22m node_modules/vite/dist/node/chunks/config.js
:[2m27177:32[22m[39m
[90m [2m❯[22m TransformPluginContext.transform node_module
s/vite/dist/node/chunks/config.js:[2m27145:4[22m[39m
[90m [2m❯[22m EnvironmentPluginContainer.transform node_mo
dules/vite/dist/node/chunks/config.js:[2m28797:14[22m[39m
[90m [2m❯[22m loadAndTransform node_modules/vite/dist/node
/chunks/config.js:[2m22670:26[22m[39m

[31m[2m⎯⎯⎯⎯⎯⎯⎯⎯⎯⎯⎯⎯⎯⎯⎯⎯⎯⎯⎯⎯⎯⎯⎯⎯[1/2]⎯[22m[39m

[41m[1m FAIL [22m[49m 
src/components/CoreScreens.a11y.test.jsx[2m [ 
src/components/CoreScreens.a11y.test.jsx ][22m
[31m[1mError[22m: Failed to resolve import "jest-axe" 
from "src/components/CoreScreens.a11y.test.jsx". Does the 
file exist?[39m
  Plugin: [35mvite:import-analysis[39m
  File: [36mC:/Users/moham/Downloads/dawayir-live-agent/clie
nt/src/components/CoreScreens.a11y.test.jsx[39m:3:0
[33m  42 |  const __vi_import_1__ = await import("react");
  43 |  const __vi_import_2__ = await 
import("@testing-library/react");
  44 |  const __vi_import_3__ = await import("jest-axe");
     |                                       ^
  45 |  const __vi_import_4__ = await 
import("./OnboardingModal");
  46 |  const __vi_import_5__ = await 
import("./SettingsModal");[39m
[90m [2m❯[22m TransformPluginContext._formatLog node_modul
es/vite/dist/node/chunks/config.js:[2m28999:43[22m[39m
[90m [2m❯[22m TransformPluginContext.error node_modules/vi
te/dist/node/chunks/config.js:[2m28996:14[22m[39m
[90m [2m❯[22m normalizeUrl node_modules/vite/dist/node/chu
nks/config.js:[2m27119:18[22m[39m
[90m [2m❯[22m node_modules/vite/dist/node/chunks/config.js
:[2m27177:32[22m[39m
[90m [2m❯[22m TransformPluginContext.transform node_module
s/vite/dist/node/chunks/config.js:[2m27145:4[22m[39m
[90m [2m❯[22m EnvironmentPluginContainer.transform node_mo
dules/vite/dist/node/chunks/config.js:[2m28797:14[22m[39m
[90m [2m❯[22m loadAndTransform node_modules/vite/dist/node
/chunks/config.js:[2m22670:26[22m[39m

[31m[2m⎯⎯⎯⎯⎯⎯⎯⎯⎯⎯⎯⎯⎯⎯⎯⎯⎯⎯⎯⎯⎯⎯⎯⎯[2/2]⎯[22m[39m


[2m Test Files [22m [1m[31m2 failed[39m[22m[2m | [22m[1m[32m4 passed[39m[22m[90m (6)[39m
[2m      Tests [22m [1m[32m11 passed[39m[22m[90m (11)[39m
[2m   Start at [22m 05:16:04
[2m   Duration [22m 6.26s[2m (transform 369ms, setup 3.84s, collect 1.34s, tests 268ms, environment 19.85s, prepare 3.44s)[22m

